[(0, 1, 'E -> N'),
 (0, 1, 'N -> [0-9]+'),
 (0, 3, 'E -> E \\+ E'),
 (2, 3, 'E -> N'),
 (2, 3, 'N -> [0-9]+')]
Yes
