('move', ('move', 'EM', ('RIGHT', 6)), ('UP', 7))
