[(0, 3, 'OpenTag -> \\< Id Attributes \\>'),
 (0, 36, 'Doc -> Tag'),
 (0, 36, 'Tag -> OpenTag Content CloseTag'),
 (1, 2, 'Id -> [a-zA-Z][a-zA-Z0-9:_-]*'),
 (2, 2, 'Attributes -> '),
 (3, 3, 'Content -> Text'),
 (3, 3, 'Text -> '),
 (3, 6, 'OpenTag -> \\< Id Attributes \\>'),
 (3, 33, 'Content -> Content Tags'),
 (3, 33, 'Tag -> OpenTag Content CloseTag'),
 (3, 33, 'Tags -> Tag'),
 (4, 5, 'Id -> [a-zA-Z][a-zA-Z0-9:_-]*'),
 (5, 5, 'Attributes -> '),
 (6, 6, 'Content -> Text'),
 (6, 6, 'Text -> '),
 (6, 9, 'OpenTag -> \\< Id Attributes \\>'),
 (6, 17, 'Content -> Content Tags'),
 (6, 17, 'Tag -> OpenTag Content CloseTag'),
 (6, 17, 'Tags -> Tag'),
 (6, 30, 'Content -> Content Tags'),
 (6, 30, 'Tags -> Tags Tag'),
 (7, 8, 'Id -> [a-zA-Z][a-zA-Z0-9:_-]*'),
 (8, 8, 'Attributes -> '),
 (9, 9, 'Content -> Text'),
 (9, 9, 'Text -> '),
 (9, 10, 'Content -> Text'),
 (9, 10, 'Id -> [a-zA-Z][a-zA-Z0-9:_-]*'),
 (9, 10, 'RawText -> Textlet'),
 (9, 10, 'Text -> RawText'),
 (9, 10, 'Textlet -> Id'),
 (9, 11, 'Content -> Text'),
 (9, 11, 'RawText -> RawText Textlet'),
 (9, 11, 'Text -> RawText'),
 (9, 12, 'Content -> Text'),
 (9, 12, 'RawText -> RawText Textlet'),
 (9, 12, 'Text -> RawText'),
 (9, 13, 'Content -> Text'),
 (9, 13, 'RawText -> RawText Textlet'),
 (9, 13, 'Text -> RawText'),
 (9, 14, 'Content -> Text'),
 (9, 14, 'RawText -> RawText Textlet'),
 (9, 14, 'Text -> RawText'),
 (10, 11, 'Id -> [a-zA-Z][a-zA-Z0-9:_-]*'),
 (10, 11, 'Textlet -> Id'),
 (11, 12, 'Id -> [a-zA-Z][a-zA-Z0-9:_-]*'),
 (11, 12, 'Textlet -> Id'),
 (12, 13, 'Id -> [a-zA-Z][a-zA-Z0-9:_-]*'),
 (12, 13, 'Textlet -> Id'),
 (13, 14, 'Textlet -> [^\\/<>=" \\n\\r\\t\\v\\f]+'),
 (14, 17, 'CloseTag -> \\<\\/ Id \\>'),
 (15, 16, 'Id -> [a-zA-Z][a-zA-Z0-9:_-]*'),
 (17, 23, 'OpenTag -> \\< Id Attributes \\>'),
 (17, 30, 'Tag -> OpenTag Content CloseTag'),
 (17, 30, 'Tags -> Tag'),
 (18, 19, 'Id -> [a-zA-Z][a-zA-Z0-9:_-]*'),
 (19, 19, 'Attributes -> '),
 (19, 20, 'Id -> [a-zA-Z][a-zA-Z0-9:_-]*'),
 (19, 22, 'Attribute -> Id \\= String'),
 (19, 22, 'Attributes -> Attributes Attribute'),
 (21,
  22,
  'String -> \\"(?:\\\\\\\\|\\\\\\"|\\\\\\r\\n|\\\\\\r|\\\\\\n|[^\\"\\r\\n])*\\"'),
 (23, 23, 'Content -> Text'),
 (23, 23, 'Text -> '),
 (23, 24, 'Content -> Text'),
 (23, 24, 'Id -> [a-zA-Z][a-zA-Z0-9:_-]*'),
 (23, 24, 'RawText -> Textlet'),
 (23, 24, 'Text -> RawText'),
 (23, 24, 'Textlet -> Id'),
 (23, 25, 'Content -> Text'),
 (23, 25, 'RawText -> RawText Textlet'),
 (23, 25, 'Text -> RawText'),
 (23, 26, 'Content -> Text'),
 (23, 26, 'RawText -> RawText Textlet'),
 (23, 26, 'Text -> RawText'),
 (23, 27, 'Content -> Text'),
 (23, 27, 'RawText -> RawText Textlet'),
 (23, 27, 'Text -> RawText'),
 (24, 25, 'Id -> [a-zA-Z][a-zA-Z0-9:_-]*'),
 (24, 25, 'Textlet -> Id'),
 (25, 26, 'Id -> [a-zA-Z][a-zA-Z0-9:_-]*'),
 (25, 26, 'Textlet -> Id'),
 (26, 27, 'Id -> [a-zA-Z][a-zA-Z0-9:_-]*'),
 (26, 27, 'Textlet -> Id'),
 (27, 30, 'CloseTag -> \\<\\/ Id \\>'),
 (28, 29, 'Id -> [a-zA-Z][a-zA-Z0-9:_-]*'),
 (30, 33, 'CloseTag -> \\<\\/ Id \\>'),
 (31, 32, 'Id -> [a-zA-Z][a-zA-Z0-9:_-]*'),
 (33, 36, 'CloseTag -> \\<\\/ Id \\>'),
 (34, 35, 'Id -> [a-zA-Z][a-zA-Z0-9:_-]*')]
Yes
