('div', ('div', ('div', ('frac', (1, 2, 3)), ('frac', (4, 5, 6))), ('unit', 'm')), ('unit', 's'))
