[(0, 0, 'S -> '),
 (0, 1, 'A -> a'),
 (0, 2, 'S -> A S B'),
 (1, 1, 'S -> '),
 (1, 2, 'B -> b')]
Yes
