[(0, 0, 'S -> '),
 (0, 1, 'A -> a'),
 (0, 6, 'S -> A S B'),
 (1, 1, 'S -> '),
 (1, 2, 'A -> a'),
 (1, 5, 'S -> A S B'),
 (2, 2, 'S -> '),
 (2, 3, 'A -> a'),
 (2, 4, 'S -> A S B'),
 (3, 3, 'S -> '),
 (3, 4, 'B -> b'),
 (4, 5, 'B -> b'),
 (5, 6, 'B -> b')]
Yes
