[(0, 3, 'OpenTag -> \\< Id Attributes \\>'),
 (0, 7, 'Doc -> Tag'),
 (0, 7, 'Tag -> OpenTag Content CloseTag'),
 (1, 2, 'Id -> [a-zA-Z][a-zA-Z0-9:_-]*'),
 (2, 2, 'Attributes -> '),
 (3, 3, 'Content -> Text'),
 (3, 3, 'Text -> '),
 (3, 4, 'Content -> Text'),
 (3, 4, 'Id -> [a-zA-Z][a-zA-Z0-9:_-]*'),
 (3, 4, 'RawText -> Textlet'),
 (3, 4, 'Text -> RawText'),
 (3, 4, 'Textlet -> Id'),
 (4, 4, 'Text -> '),
 (4, 7, 'CloseTag -> \\<\\/ Id \\>'),
 (5, 6, 'Id -> [a-zA-Z][a-zA-Z0-9:_-]*')]
Ambiguous, unresolved
