bcda
cbda
cdba
dcba
bdca
dbca
dcab
cdab
cadb
acdb
dacb
adcb
bdac
dbac
dabc
adbc
badc
abdc
bcad
cbad
cabd
acbd
bacd
abcd
