Asking for solution 1
X = a
Asking for solution 2
X = b
Asking for solution 3
None
