('if', 3, ('if', 4, ('+', ('-', 8, 8), 4), ('/', ('*', 8, 2), 2)), 1)
