Asking for solution 1
W = bob
Asking for solution 2
None
