Asking for solution 1
B = 1
C = 3
Asking for solution 2
B = 1
C = 4
Asking for solution 3
B = 2
C = 3
Asking for solution 4
B = 2
C = 4
Asking for solution 5
B = 3
C = 1
Asking for solution 6
B = 3
C = 2
Asking for solution 7
B = 4
C = 1
Asking for solution 8
B = 4
C = 2
Asking for solution 9
None
