{'children': {0: {'attr2_2': 'val2', 'attr2': 'val2', 'name': 'tag2', 'children': {0: {'name': 'tag3', 'children': {}}}}}, 'name': 'tag1', 'attr1': 'val1 val1.1'}
