{'name': 'html', 'children': {0: {'children': {0: {'name': 'title', 'children': {0: {'text': 'Foo What', 'name': 'Word', 'children': {}}}}}, 'what': 'who', 'when': 'then', 'class': 'bar biz', 'name': 'head'}, 1: {'name': 'body', 'children': {0: {'text': "Who's on first?", 'name': 'Word', 'children': {}}, 1: {'name': 'br', 'children': {}}, 2: {'text': 'No,', 'name': 'Word', 'children': {}}, 3: {'name': 'b', 'children': {0: {'text': "he's", 'name': 'Word', 'children': {}}}}, 4: {'name': 'p', 'children': {}}}}}}
