Asking for solution 1
Yes
Asking for solution 2
None
