[('def', 'range', ('lambda', ['a', 'b'], [('def', 'i', ('-', ('var', 'a'), ('int-lit', 1))), ('exp', ('lambda', [], [('asgn', 'i', ('+', ('var', 'i'), ('int-lit', 1))), ('if', ('<', ('var', 'i'), ('var', 'b')), [('exp', ('var', 'i'))], [('exp', ('null',))])]))])), ('def', 'print_strlist', ('lambda', ['lst'], [('def', 'str', ('string-lit', '')), ('for', 'i', ('var', 'lst'), [('asgn', 'str', ('+', ('var', 'str'), ('var', 'i')))]), ('print', ('var', 'str'))])), ('def', 'swap', ('lambda', ['lst', 'i', 'j'], [('def', 'temp', ('get', ('var', 'lst'), ('var', 'i'))), ('put', ('var', 'lst'), ('var', 'i'), ('get', ('var', 'lst'), ('var', 'j'))), ('put', ('var', 'lst'), ('var', 'j'), ('var', 'temp'))])), ('def', 'permgen_helper', ('lambda', ['a', 'n'], [('if', ('<=', ('var', 'n'), ('int-lit', 1)), [('exp', ('call', ('var', 'print_strlist'), [('var', 'a')]))], [('for', 'i', ('call', ('var', 'range'), [('int-lit', 0), ('var', 'n')]), [('exp', ('call', ('var', 'swap'), [('var', 'a'), ('var', 'i'), ('-', ('var', 'n'), ('int-lit', 1))])), ('exp', ('call', ('var', 'permgen_helper'), [('var', 'a'), ('-', ('var', 'n'), ('int-lit', 1))])), ('exp', ('call', ('var', 'swap'), [('var', 'a'), ('var', 'i'), ('-', ('var', 'n'), ('int-lit', 1))]))])])])), ('def', 'permgen', ('lambda', ['a'], [('exp', ('call', ('var', 'permgen_helper'), [('var', 'a'), ('len', ('var', 'a'))]))])), ('def', 'lst', ('dict-lit', [])), ('put', ('var', 'lst'), ('int-lit', 0), ('string-lit', 'a')), ('put', ('var', 'lst'), ('int-lit', 1), ('string-lit', 'b')), ('put', ('var', 'lst'), ('int-lit', 2), ('string-lit', 'c')), ('put', ('var', 'lst'), ('int-lit', 3), ('string-lit', 'd')), ('exp', ('call', ('var', 'permgen'), [('var', 'lst')]))]
