[('def', 't', ('dict-lit', [])), ('put', ('var', 't'), ('int-lit', 0), ('dict-lit', [])), ('put', ('get', ('var', 't'), ('int-lit', 0)), ('int-lit', 0), ('string-lit', 'a')), ('put', ('get', ('var', 't'), ('int-lit', 0)), ('int-lit', 1), ('string-lit', 'b')), ('put', ('var', 't'), ('int-lit', 1), ('dict-lit', [])), ('put', ('get', ('var', 't'), ('int-lit', 1)), ('int-lit', 0), ('string-lit', 'c')), ('put', ('get', ('var', 't'), ('int-lit', 1)), ('int-lit', 1), ('string-lit', 'd')), ('def', 'f', ('lambda', ['v', 'd'], [('if', ('var', 'd'), [('exp', ('call', ('var', 'f'), [('get', ('var', 'v'), ('int-lit', 0)), ('-', ('var', 'd'), ('int-lit', 1))])), ('exp', ('call', ('var', 'f'), [('get', ('var', 'v'), ('int-lit', 1)), ('-', ('var', 'd'), ('int-lit', 1))]))], [('exp', ('yield', ('var', 'v')))])])), ('def', 'g', ('lambda', ['function', 'arg1', 'arg2'], [('exp', ('lambda', ['unused'], [('exp', ('call', ('var', 'function'), [('var', 'arg1'), ('var', 'arg2')]))]))])), ('def', 'i', ('lambda', ['c', 'p'], [('exp', ('lambda', [], [('exp', ('resume', ('var', 'c'), ('var', 'p')))]))])), ('for', 'x', ('comprehension', ('+', ('+', ('string-lit', '0x'), ('var', 'x')), ('int-lit', 0)), 'x', ('call', ('var', 'i'), [('coroutine', ('call', ('var', 'g'), [('var', 'f'), ('var', 't'), ('int-lit', 2)])), ('null',)])), [('print', ('var', 'x'))])]
