Asking for solution 1
X = [5|[4|[3|[2|[1|[]]]]]]
Asking for solution 2
None
