Asking for solution 1
A = 1
B = [2|[3|[4|[]]]]
Asking for solution 2
A = 2
B = [1|[3|[4|[]]]]
Asking for solution 3
A = 3
B = [1|[2|[4|[]]]]
Asking for solution 4
A = 4
B = [1|[2|[3|[]]]]
Asking for solution 5
None
