Asking for solution 1
X = [a|[b|[c|[d|[]]]]]
Asking for solution 2
X = [b|[a|[c|[d|[]]]]]
Asking for solution 3
X = [b|[c|[a|[d|[]]]]]
Asking for solution 4
X = [b|[c|[d|[a|[]]]]]
Asking for solution 5
X = [a|[c|[b|[d|[]]]]]
Asking for solution 6
X = [c|[a|[b|[d|[]]]]]
Asking for solution 7
X = [c|[b|[a|[d|[]]]]]
Asking for solution 8
X = [c|[b|[d|[a|[]]]]]
Asking for solution 9
X = [a|[c|[d|[b|[]]]]]
Asking for solution 10
X = [c|[a|[d|[b|[]]]]]
Asking for solution 11
X = [c|[d|[a|[b|[]]]]]
Asking for solution 12
X = [c|[d|[b|[a|[]]]]]
Asking for solution 13
X = [a|[b|[d|[c|[]]]]]
Asking for solution 14
X = [b|[a|[d|[c|[]]]]]
Asking for solution 15
X = [b|[d|[a|[c|[]]]]]
Asking for solution 16
X = [b|[d|[c|[a|[]]]]]
Asking for solution 17
X = [a|[d|[b|[c|[]]]]]
Asking for solution 18
X = [d|[a|[b|[c|[]]]]]
Asking for solution 19
X = [d|[b|[a|[c|[]]]]]
Asking for solution 20
X = [d|[b|[c|[a|[]]]]]
Asking for solution 21
X = [a|[d|[c|[b|[]]]]]
Asking for solution 22
X = [d|[a|[c|[b|[]]]]]
Asking for solution 23
X = [d|[c|[a|[b|[]]]]]
Asking for solution 24
X = [d|[c|[b|[a|[]]]]]
Asking for solution 25
None
