Asking for solution 1
A = [1|[2|[3|[4|[5|[]]]]]]
Asking for solution 2
None
