Asking for solution 1
A = 2
B = 4
Asking for solution 2
A = 4
B = 2
Asking for solution 3
None
