Asking for solution 1
A = [a|[b|[c|[g|[f|[e|[d|[]]]]]]]]
Asking for solution 2
None
